// Jest Snapshot v1, https://goo.gl/fbAQLP

exports[`QuestionSelector renders snapshot 1`] = `
<StyledSelect
  classes={
    Object {
      "root": "select fixedWidth",
      "select": "",
      "selectMenu": "selectMenu bottomPadded",
    }
  }
  disabled={false}
  displayEmpty={true}
  name="role"
  value="question_useful"
>
  <StyledSelectOption
    classes={
      Object {
        "root": "grayedOut",
        "selected": "selected",
      }
    }
    disabled={true}
    key=""
    value=""
  >
    <span
      data-cy="QuestionSelectOption-select-question-type"
    >
      select question type
    </span>
  </StyledSelectOption>
  <StyledSelectOption
    classes={
      Object {
        "root": "category",
        "selected": "selected",
      }
    }
    disabled={true}
    key=""
    value=""
  >
    <span
      data-cy="QuestionSelectOption-idea-ratings"
    >
      Idea Ratings
    </span>
  </StyledSelectOption>
  <StyledSelectOption
    classes={
      Object {
        "root": "selectOption",
        "selected": "selected",
      }
    }
    disabled={false}
    key="question_clarity"
    value="question_clarity"
  >
    <span
      data-cy="QuestionSelectOption-clear"
    >
      Clear
    </span>
  </StyledSelectOption>
  <StyledSelectOption
    classes={
      Object {
        "root": "selectOption",
        "selected": "selected",
      }
    }
    disabled={false}
    key="question_different"
    value="question_different"
  >
    <span
      data-cy="QuestionSelectOption-different"
    >
      Different
    </span>
  </StyledSelectOption>
  <StyledSelectOption
    classes={
      Object {
        "root": "selectOption",
        "selected": "selected",
      }
    }
    disabled={false}
    key="question_excitement"
    value="question_excitement"
  >
    <span
      data-cy="QuestionSelectOption-exciting"
    >
      Exciting
    </span>
  </StyledSelectOption>
  <StyledSelectOption
    classes={
      Object {
        "root": "selectOption",
        "selected": "selected",
      }
    }
    disabled={false}
    key="question_useful"
    value="question_useful"
  >
    <span
      data-cy="QuestionSelectOption-useful"
    >
      Useful
    </span>
  </StyledSelectOption>
  <StyledSelectOption
    classes={
      Object {
        "root": "category",
        "selected": "selected",
      }
    }
    disabled={true}
    key=""
    value=""
  >
    <span
      data-cy="QuestionSelectOption-customizable"
    >
      Customizable
    </span>
  </StyledSelectOption>
  <StyledSelectOption
    classes={
      Object {
        "root": "selectOption",
        "selected": "selected",
      }
    }
    disabled={false}
    key="question_open"
    value="question_open"
  >
    <span
      data-cy="QuestionSelectOption-open-response"
    >
      Open Response
    </span>
  </StyledSelectOption>
  <StyledSelectOption
    classes={
      Object {
        "root": "selectOption",
        "selected": "selected",
      }
    }
    disabled={false}
    key="question_media"
    value="question_media"
  >
    <span
      data-cy="QuestionSelectOption-photo-video"
    >
      Photo/Video
    </span>
  </StyledSelectOption>
  <StyledSelectOption
    classes={
      Object {
        "root": "selectOption",
        "selected": "selected",
      }
    }
    disabled={false}
    key="question_description"
    value="question_description"
  >
    <span
      data-cy="QuestionSelectOption-text-block"
    >
      Text Block
    </span>
  </StyledSelectOption>
</StyledSelect>
`;
