// Jest Snapshot v1, https://goo.gl/fbAQLP

exports[`TestDesigner renders snapshot 1`] = `
<styled.div>
  <NumberListText>
    2
    .
  </NumberListText>
  <StyledSelect
    classes={
      Object {
        "root": "select fixedWidth",
        "select": "",
        "selectMenu": "selectMenu bottomPadded",
      }
    }
    disabled={false}
    displayEmpty={true}
    name="role"
    value="question_useful"
  >
    <StyledSelectOption
      classes={
        Object {
          "root": "grayedOut",
          "selected": "selected",
        }
      }
      disabled={true}
      key=""
      value=""
    >
      <span
        data-cy="QuestionSelectOption"
      >
        select question type
      </span>
    </StyledSelectOption>
    <StyledSelectOption
      classes={
        Object {
          "root": "category",
          "selected": "selected",
        }
      }
      disabled={true}
      key=""
      value=""
    >
      <span
        data-cy="QuestionSelectOption"
      >
        Idea Content
      </span>
    </StyledSelectOption>
    <StyledSelectOption
      classes={
        Object {
          "root": "selectOption",
          "selected": "selected",
        }
      }
      disabled={false}
      key="question_description"
      value="question_description"
    >
      <span
        data-cy="QuestionSelectOption"
      >
        Description
      </span>
    </StyledSelectOption>
    <StyledSelectOption
      classes={
        Object {
          "root": "selectOption",
          "selected": "selected",
        }
      }
      disabled={false}
      key="question_media"
      value="question_media"
    >
      <span
        data-cy="QuestionSelectOption"
      >
        Photo/Video
      </span>
    </StyledSelectOption>
    <StyledSelectOption
      classes={
        Object {
          "root": "category",
          "selected": "selected",
        }
      }
      disabled={true}
      key=""
      value=""
    >
      <span
        data-cy="QuestionSelectOption"
      >
        Scaled Rating
      </span>
    </StyledSelectOption>
    <StyledSelectOption
      classes={
        Object {
          "root": "selectOption",
          "selected": "selected",
        }
      }
      disabled={false}
      key="question_clarity"
      value="question_clarity"
    >
      <span
        data-cy="QuestionSelectOption"
      >
        Clear
      </span>
    </StyledSelectOption>
    <StyledSelectOption
      classes={
        Object {
          "root": "selectOption",
          "selected": "selected",
        }
      }
      disabled={false}
      key="question_different"
      value="question_different"
    >
      <span
        data-cy="QuestionSelectOption"
      >
        Different
      </span>
    </StyledSelectOption>
    <StyledSelectOption
      classes={
        Object {
          "root": "selectOption",
          "selected": "selected",
        }
      }
      disabled={false}
      key="question_excitement"
      value="question_excitement"
    >
      <span
        data-cy="QuestionSelectOption"
      >
        Exciting
      </span>
    </StyledSelectOption>
    <StyledSelectOption
      classes={
        Object {
          "root": "selectOption",
          "selected": "selected",
        }
      }
      disabled={false}
      key="question_useful"
      value="question_useful"
    >
      <span
        data-cy="QuestionSelectOption"
      >
        Useful
      </span>
    </StyledSelectOption>
    <StyledSelectOption
      classes={
        Object {
          "root": "category",
          "selected": "selected",
        }
      }
      disabled={true}
      key=""
      value=""
    >
      <span
        data-cy="QuestionSelectOption"
      >
        Customizable
      </span>
    </StyledSelectOption>
    <StyledSelectOption
      classes={
        Object {
          "root": "selectOption",
          "selected": "selected",
        }
      }
      disabled={false}
      key="question_category_satisfaction"
      value="question_category_satisfaction"
    >
      <span
        data-cy="QuestionSelectOption"
      >
        Category Satisfaction
      </span>
    </StyledSelectOption>
    <StyledSelectOption
      classes={
        Object {
          "root": "selectOption",
          "selected": "selected",
        }
      }
      disabled={false}
      key="question_context"
      value="question_context"
    >
      <span
        data-cy="QuestionSelectOption"
      >
        Context Setting
      </span>
    </StyledSelectOption>
    <StyledSelectOption
      classes={
        Object {
          "root": "selectOption",
          "selected": "selected",
        }
      }
      disabled={false}
      key="question_open"
      value="question_open"
    >
      <span
        data-cy="QuestionSelectOption"
      >
        Open Response
      </span>
    </StyledSelectOption>
  </StyledSelect>
  <styled.button
    onClick={[Function]}
  >
    <TrashIcon />
  </styled.button>
  <div
    style={
      Object {
        "color": "#c6c1bf",
      }
    }
  />
</styled.div>
`;
