// Jest Snapshot v1, https://goo.gl/fbAQLP

exports[`CollectionCover renders snapshot 1`] = `
<StyledCollectionCover
  data-cy="CollectionCover"
  url="http://fake.url.net"
>
  <StyledCardContent
    gridW={312}
    gutter={20}
    height={1}
    isTextItem={false}
    width={2}
  >
    <div
      className="overlay"
    />
    <div>
      <div
        className="top"
      >
        <Styled(CardHeading)>
          <Dotdotdot
            clamp={3}
            tagName="div"
            truncationChar="…"
            useNativeClamp={true}
          >
            <PlainLink
              className="no-select cancelGridClick"
              data-cy="collection-cover-link"
              onClick={[Function]}
              to="//collections/1"
            >
              <span
                style={
                  Object {
                    "hyphens": "initial",
                  }
                }
              >
                My Workspace X
              </span>
            </PlainLink>
          </Dotdotdot>
        </Styled(CardHeading)>
      </div>
      <div
        className="bottom"
      >
        <Dotdotdot
          clamp={3}
          tagName="div"
          truncationChar="…"
          useNativeClamp={true}
        >
          Lorem ipsum blockchain boogie
        </Dotdotdot>
      </div>
    </div>
  </StyledCardContent>
</StyledCollectionCover>
`;
