// Jest Snapshot v1, https://goo.gl/fbAQLP

exports[`TextItemCover renders snapshot 1`] = `
<Styled(styled.div)
  className="cancelGridClick"
  data-cy="TextItemCover"
  dragging={false}
  hasTitleText={false}
  isEditing={false}
  isTransparent={false}
  onClick={[Function]}
  style={
    Object {
      "height": "calc(100% - 30px)",
    }
  }
>
  <styled.div
    hasTitleText={false}
    notEditing={true}
  >
    <Quill
      modules={Object {}}
      readOnly={true}
      theme={null}
      value={
        Object {
          "ops": Array [
            Object {
              "insert": "This is the content for the item and it contains multiple sentences. Like this one.",
            },
          ],
          "version": 1,
        }
      }
    />
  </styled.div>
</Styled(styled.div)>
`;
