// Jest Snapshot v1, https://goo.gl/fbAQLP

exports[`DataItemCoverDisplayOnly renders snapshot 1`] = `
<StyledCover
  item={
    Object {
      "breadcrumb": Array [
        Array [
          "collections",
          1,
          "Some collection",
        ],
        Array [
          "items",
          1,
          "my item",
        ],
      ],
      "can_edit": false,
      "can_view": true,
      "data_content": null,
      "datasets": Array [
        Object {
          "chart_type": "area",
          "data": Array [
            Object {
              "date": "2018-07-10",
              "value": 10,
            },
            Object {
              "date": "2018-08-10",
              "value": 25,
            },
            Object {
              "date": "2018-09-10",
              "value": 30,
            },
          ],
          "description": "The degree to which there is alignment about a meaningful change that leadership and employees want to make in the world.",
          "identifier": "purpose",
          "max_domain": 60,
          "measure": "Purpose",
          "name": "purpose",
          "order": 0,
          "single_value": 0,
          "style": Object {
            "dashWidth": 2,
            "fill": "#EFEFEF",
          },
          "tiers": Array [
            Object {
              "name": "Novice",
              "value": 0,
            },
            Object {
              "name": "Learning",
              "value": 20,
            },
            Object {
              "name": "Expert",
              "value": 40,
            },
          ],
          "timeframe": "month",
        },
        Object {
          "chart_type": "line",
          "data": Array [
            Object {
              "date": "2018-07-10",
              "value": 10,
            },
            Object {
              "date": "2018-08-10",
              "value": 25,
            },
            Object {
              "date": "2018-09-10",
              "value": 30,
            },
          ],
          "description": "The degree to which there is alignment about a meaningful change that leadership and employees want to make in the world.",
          "identifier": "purpose",
          "max_domain": 60,
          "measure": "95th Percentile",
          "name": "purpose",
          "order": 1,
          "single_value": 0,
          "style": Object {
            "dashWidth": 2,
            "fill": "#EFEFEF",
          },
          "tiers": Array [
            Object {
              "name": "Novice",
              "value": 0,
            },
            Object {
              "name": "Learning",
              "value": 20,
            },
            Object {
              "name": "Expert",
              "value": 40,
            },
          ],
          "timeframe": "month",
        },
      ],
      "fullyLoaded": true,
      "id": "1",
      "inherited_tag_list": Array [],
      "internalType": "items",
      "isReportTypeCollectionsItems": false,
      "isReportTypeNetworkAppMetric": false,
      "isReportTypeRecord": true,
      "name": "Data Item",
      "parentPath": "/",
      "parent_collection_card": Object {
        "API_archive": [MockFunction],
        "API_create": [MockFunction],
        "API_linkToMyCollection": [MockFunction],
        "assign": [MockFunction],
        "assignRef": [MockFunction],
        "beginReplacing": [MockFunction],
        "col": 1,
        "create": [MockFunction],
        "disableMenu": [MockFunction],
        "height": 1,
        "id": "11",
        "image_contain": false,
        "item": Object {},
        "maxHeight": 1,
        "maxWidth": 1,
        "order": 1,
        "patch": [MockFunction],
        "record": Object {},
        "reference": false,
        "row": 0,
        "save": [MockFunction],
        "update": [MockFunction],
        "width": 1,
      },
      "primaryDataset": [MockFunction],
      "report_type": "report_type_record",
      "secondaryDatasets": [MockFunction],
      "type": "Item::DataItem",
    }
  }
>
  <styled.div>
    <styled.div>
      <styled.div>
        <StyledHeading3>
          Data Item
        </StyledHeading3>
      </styled.div>
    </styled.div>
  </styled.div>
  <ChartGroup
    dataItem={
      Object {
        "breadcrumb": Array [
          Array [
            "collections",
            1,
            "Some collection",
          ],
          Array [
            "items",
            1,
            "my item",
          ],
        ],
        "can_edit": false,
        "can_view": true,
        "data_content": null,
        "datasets": Array [
          Object {
            "chart_type": "area",
            "data": Array [
              Object {
                "date": "2018-07-10",
                "value": 10,
              },
              Object {
                "date": "2018-08-10",
                "value": 25,
              },
              Object {
                "date": "2018-09-10",
                "value": 30,
              },
            ],
            "description": "The degree to which there is alignment about a meaningful change that leadership and employees want to make in the world.",
            "identifier": "purpose",
            "max_domain": 60,
            "measure": "Purpose",
            "name": "purpose",
            "order": 0,
            "single_value": 0,
            "style": Object {
              "dashWidth": 2,
              "fill": "#EFEFEF",
            },
            "tiers": Array [
              Object {
                "name": "Novice",
                "value": 0,
              },
              Object {
                "name": "Learning",
                "value": 20,
              },
              Object {
                "name": "Expert",
                "value": 40,
              },
            ],
            "timeframe": "month",
          },
          Object {
            "chart_type": "line",
            "data": Array [
              Object {
                "date": "2018-07-10",
                "value": 10,
              },
              Object {
                "date": "2018-08-10",
                "value": 25,
              },
              Object {
                "date": "2018-09-10",
                "value": 30,
              },
            ],
            "description": "The degree to which there is alignment about a meaningful change that leadership and employees want to make in the world.",
            "identifier": "purpose",
            "max_domain": 60,
            "measure": "95th Percentile",
            "name": "purpose",
            "order": 1,
            "single_value": 0,
            "style": Object {
              "dashWidth": 2,
              "fill": "#EFEFEF",
            },
            "tiers": Array [
              Object {
                "name": "Novice",
                "value": 0,
              },
              Object {
                "name": "Learning",
                "value": 20,
              },
              Object {
                "name": "Expert",
                "value": 40,
              },
            ],
            "timeframe": "month",
          },
        ],
        "fullyLoaded": true,
        "id": "1",
        "inherited_tag_list": Array [],
        "internalType": "items",
        "isReportTypeCollectionsItems": false,
        "isReportTypeNetworkAppMetric": false,
        "isReportTypeRecord": true,
        "name": "Data Item",
        "parentPath": "/",
        "parent_collection_card": Object {
          "API_archive": [MockFunction],
          "API_create": [MockFunction],
          "API_linkToMyCollection": [MockFunction],
          "assign": [MockFunction],
          "assignRef": [MockFunction],
          "beginReplacing": [MockFunction],
          "col": 1,
          "create": [MockFunction],
          "disableMenu": [MockFunction],
          "height": 1,
          "id": "11",
          "image_contain": false,
          "item": Object {},
          "maxHeight": 1,
          "maxWidth": 1,
          "order": 1,
          "patch": [MockFunction],
          "record": Object {},
          "reference": false,
          "row": 0,
          "save": [MockFunction],
          "update": [MockFunction],
          "width": 1,
        },
        "primaryDataset": [MockFunction],
        "report_type": "report_type_record",
        "secondaryDatasets": [MockFunction],
        "type": "Item::DataItem",
      }
    }
    height={1}
    simpleDateTooltip={true}
    width={1}
  />
</StyledCover>
`;
