// Jest Snapshot v1, https://goo.gl/fbAQLP

exports[`ActionMenu as editor renders snapshot 1`] = `
<PopoutMenu
  buttonStyle=""
  className=""
  disabled={false}
  groupExtraComponent={Object {}}
  groupedMenuItems={Object {}}
  hideDotMenu={false}
  location={null}
  menuItems={
    Array [
      Object {
        "iconRight": <CommentIcon />,
        "name": "Comment",
        "onClick": [Function],
      },
      Object {
        "iconRight": <DuplicateIcon />,
        "name": "Duplicate",
        "onClick": [Function],
      },
      Object {
        "iconRight": <MoveIcon />,
        "name": "Move",
        "onClick": [Function],
      },
      Object {
        "iconRight": <LinkIcon
          viewBox="0 0 18 18"
        />,
        "name": "Link",
        "onClick": [Function],
      },
      Object {
        "iconRight": <SelectAllIcon
          viewBox="0 0 15 15"
        />,
        "name": "Select All",
        "onClick": [Function],
      },
      Object {
        "iconRight": <AddIntoIcon />,
        "name": "Add to My Collection",
        "onClick": [Function],
      },
      Object {
        "iconRight": <TagIcon />,
        "name": "Tags",
        "onClick": [Function],
      },
      Object {
        "iconRight": <SharingIcon />,
        "name": "Sharing",
        "onClick": [Function],
      },
      Object {
        "iconRight": <TrashIconXl />,
        "name": "Delete",
        "onClick": [Function],
      },
    ]
  }
  menuOpen={false}
  offsetPosition={null}
  onClick={[Function]}
  onMouseLeave={[Function]}
  position={
    Object {
      "x": 0,
      "y": 0,
    }
  }
  width={250}
  wrapperClassName="card-menu"
/>
`;
