// Jest Snapshot v1, https://goo.gl/fbAQLP

exports[`CoverRenderer renders snapshot 1`] = `undefined`;
