// Jest Snapshot v1, https://goo.gl/fbAQLP

exports[`GridCardEmptyHotspot renders snapshot 1`] = `undefined`;
