// Jest Snapshot v1, https://goo.gl/fbAQLP

exports[`MovableGridCard renders snapshot 1`] = `undefined`;
