// Jest Snapshot v1, https://goo.gl/fbAQLP

exports[`MoveModal renders snapshot 1`] = `<div />`;
